---
source: tui/src/bottom_pane/footer.rs
expression: terminal.backend()
---
"  ⠋ Enhancing prompt… 10.0s elapsed / 8.0s max  ·  Timed out!  ·  Esc to cancel "
