---
source: tui/src/bottom_pane/footer.rs
expression: terminal.backend()
---
"  ⠸ Enhancing prompt… 2.3s elapsed / 8.0s max  ·  Esc to cancel                 "
